moriarty@moriarty:~$ jps
3616 SecondaryNameNode
3936 NodeManager
3457 DataNode
3330 NameNode
5190 Jps
3807 ResourceManager

moriarty@moriarty:~$ nano WordCountAverage.java
moriarty@moriarty:~$ ls
Desktop    f1.txt      hadoop-3.3.0         Pictures   Videos
Documents  f2.txt      hadoop-3.3.0.tar.gz  Public     WC
Downloads  f3.txt      hdata                snap       WordCountAverage.java
exp3.txt   gender.txt  Music                Templates
moriarty@moriarty:~$ mkdir WCA

moriarty@moriarty:~$ mv WordCountAverage.java WCA
moriarty@moriarty:~$ touch gender.txt
moriarty@moriarty:~$ cat >> gender.txt
Shivangi female 20
Archit male 23
Vushesh male 24
Arpita female 25
Arjita female 25
moriarty@moriarty:~$ cd WCA
moriarty@moriarty:~/WCA$ ls
WordCountAverage.java
moriarty@moriarty:~/WCA$ hadoop fs -mkdir /WCDAverage
2021-03-20 13:24:37,014 WARN util.NativeCodeLoader: Unable to load native-hadoop library for your platform... using builtin-java classes where applicable
moriarty@moriarty:~/WCA$ hadoop fs -copyFromLocal gender.txt /WCDAverage


moriarty@moriarty:~/WCA$ cd
moriarty@moriarty:~$ javac -classpath /home/moriarty/hadoop-3.3.0/share/hadoop/common/hadoop-common-3.3.0.jar:/home/moriarty/hadoop-3.3.0/share/hadoop/mapreduce/hadoop-mapreduce-client-core-3.3.0.jar:/home/moriarty/hadoop-3.3.0/share/hadoop/common/lib/commons-cli-1.2.jar -d /home/moriarty/WCA/ WCA/*.java
moriarty@moriarty:~$ cd WCA
moriarty@moriarty:~/WCA$ ls
'WordCountAverage$IntSumReducer.class'     WordCountAverage.class
'WordCountAverage$Reduce.class'            WordCountAverage.java
'WordCountAverage$TokenizerMapper.class'
moriarty@moriarty:~/WCA$ mkdir WCF
moriarty@moriarty:~/WCA$ ls
 WCF
'WordCountAverage$IntSumReducer.class'
'WordCountAverage$Reduce.class'
'WordCountAverage$TokenizerMapper.class'
 WordCountAverage.class
 WordCountAverage.java
moriarty@moriarty:~/WCA$ mv 'WordCountAverage$IntSumReducer.class' WCF
moriarty@moriarty:~/WCA$ mv 'WordCountAverage$Reduce.class' WCF
moriarty@moriarty:~/WCA$ mv 'WordCountAverage$TokenizerMapper.class' WCF
moriarty@moriarty:~/WCA$ mv 'WordCountAverage.class' WCF
moriarty@moriarty:~/WCA$ cd WCF
moriarty@moriarty:~/WCA/WCF$ ls
'WordCountAverage$IntSumReducer.class'
'WordCountAverage$Reduce.class'
'WordCountAverage$TokenizerMapper.class'
 WordCountAverage.class
moriarty@moriarty:~/WCA/WCF$ jar -cvf WCJ.jar -c .
-c : no such file or directory
added manifest
adding: WordCountAverage$Reduce.class(in = 2134) (out= 952)(deflated 55%)
adding: WordCountAverage.class(in = 1565) (out= 844)(deflated 46%)
adding: WordCountAverage$IntSumReducer.class(in = 1760) (out= 746)(deflated 57%)
adding: WordCountAverage$TokenizerMapper.class(in = 1806) (out= 784)(deflated 56%)
moriarty@moriarty:~/WCA/WCF$ ls
 WCJ.jar
'WordCountAverage$IntSumReducer.class'
'WordCountAverage$Reduce.class'
'WordCountAverage$TokenizerMapper.class'
 WordCountAverage.class


moriarty@moriarty:~/WCA/WCF$ hadoop jar WCJ.jar WordCountAverage /WCDAverage /OutputAverage
2021-03-20 13:44:04,536 WARN util.NativeCodeLoader: Unable to load native-hadoop library for your platform... using builtin-java classes where applicable
2021-03-20 13:44:05,816 INFO client.DefaultNoHARMFailoverProxyProvider: Connecting to ResourceManager at /0.0.0.0:8032
2021-03-20 13:44:06,984 WARN mapreduce.JobResourceUploader: Hadoop command-line option parsing not performed. Implement the Tool interface and execute your application with ToolRunner to remedy this.
2021-03-20 13:44:07,031 INFO mapreduce.JobResourceUploader: Disabling Erasure Coding for path: /tmp/hadoop-yarn/staging/moriarty/.staging/job_1616222266657_0001
2021-03-20 13:44:07,610 INFO input.FileInputFormat: Total input files to process : 1
2021-03-20 13:44:07,773 INFO mapreduce.JobSubmitter: number of splits:1
2021-03-20 13:44:08,129 INFO mapreduce.JobSubmitter: Submitting tokens for job: job_1616222266657_0001
2021-03-20 13:44:08,129 INFO mapreduce.JobSubmitter: Executing with tokens: []
2021-03-20 13:44:08,700 INFO conf.Configuration: resource-types.xml not found
2021-03-20 13:44:08,701 INFO resource.ResourceUtils: Unable to find 'resource-types.xml'.
2021-03-20 13:44:10,914 INFO impl.YarnClientImpl: Submitted application application_1616222266657_0001
2021-03-20 13:44:11,241 INFO mapreduce.Job: The url to track the job: http://moriarty:8088/proxy/application_1616222266657_0001/
2021-03-20 13:44:11,242 INFO mapreduce.Job: Running job: job_1616222266657_0001
2021-03-20 13:44:34,897 INFO mapreduce.Job: Job job_1616222266657_0001 running in uber mode : false
2021-03-20 13:44:34,898 INFO mapreduce.Job:  map 0% reduce 0%
2021-03-20 13:44:55,781 INFO mapreduce.Job:  map 100% reduce 0%
2021-03-20 13:45:06,048 INFO mapreduce.Job:  map 100% reduce 100%
2021-03-20 13:45:07,090 INFO mapreduce.Job: Job job_1616222266657_0001 completed successfully
2021-03-20 13:45:07,332 INFO mapreduce.Job: Counters: 54
	File System Counters
		FILE: Number of bytes read=141
		FILE: Number of bytes written=528077
		FILE: Number of read operations=0
		FILE: Number of large read operations=0
		FILE: Number of write operations=0
		HDFS: Number of bytes read=190
		HDFS: Number of bytes written=158
		HDFS: Number of read operations=8
		HDFS: Number of large read operations=0
		HDFS: Number of write operations=2
		HDFS: Number of bytes read erasure-coded=0
	Job Counters 
		Launched map tasks=1
		Launched reduce tasks=1
		Data-local map tasks=1
		Total time spent by all maps in occupied slots (ms)=18049
		Total time spent by all reduces in occupied slots (ms)=7733
		Total time spent by all map tasks (ms)=18049
		Total time spent by all reduce tasks (ms)=7733
		Total vcore-milliseconds taken by all map tasks=18049
		Total vcore-milliseconds taken by all reduce tasks=7733
		Total megabyte-milliseconds taken by all map tasks=18482176
		Total megabyte-milliseconds taken by all reduce tasks=7918592
	Map-Reduce Framework
		Map input records=5
		Map output records=15
		Map output bytes=142
		Map output materialized bytes=141
		Input split bytes=108
		Combine input records=15
		Combine output records=12
		Reduce input groups=12
		Reduce shuffle bytes=141
		Reduce input records=12
		Reduce output records=12
		Spilled Records=24
		Shuffled Maps =1
		Failed Shuffles=0
		Merged Map outputs=1
		GC time elapsed (ms)=468
		CPU time spent (ms)=7170
		Physical memory (bytes) snapshot=348553216
		Virtual memory (bytes) snapshot=4971847680
		Total committed heap usage (bytes)=230821888
		Peak Map Physical memory (bytes)=226500608
		Peak Map Virtual memory (bytes)=2482548736
		Peak Reduce Physical memory (bytes)=122052608
		Peak Reduce Virtual memory (bytes)=2489298944
	Shuffle Errors
		BAD_ID=0
		CONNECTION=0
		IO_ERROR=0
		WRONG_LENGTH=0
		WRONG_MAP=0
		WRONG_REDUCE=0
	File Input Format Counters 
		Bytes Read=82
	File Output Format Counters 
		Bytes Written=158
moriarty@moriarty:~/WCA/WCF$ hadoop fs -cat /OutputAverage/part-r-00000
2021-03-20 13:46:08,332 WARN util.NativeCodeLoader: Unable to load native-hadoop library for your platform... using builtin-java classes where applicable
avegage	1.0
avegage	1.0
avegage	1.0
avegage	1.0
avegage	1.0
avegage	1.0
avegage	1.0
avegage	1.25
avegage	1.3333334
avegage	1.3
avegage	1.2727273
avegage	1.25
moriarty@moriarty:~/WCA/WCF$ 


